// Jest Snapshot v1, https://goo.gl/fbAQLP

exports[`renders correctly 1`] = `
<div
  className="mui-panel sc-bwzfXH bGDCNZ"
/>
`;
